[demos.freehtml5.co/tasty/index.html]
[backblue.gif]
[fade.gif]
[index.html]
[demos.freehtml5.co/tasty/css/animate.css]
[demos.freehtml5.co/tasty/css/icomoon.css]
[demos.freehtml5.co/tasty/css/flexslider.css]
[demos.freehtml5.co/tasty/css/bootstrap.css]
[demos.freehtml5.co/tasty/css/style.css]
[demos.freehtml5.co/tasty/js/modernizr-2.6.2.min.js]
[demos.freehtml5.co/tasty/menu.html]
[demos.freehtml5.co/tasty/gallery.html]
[demos.freehtml5.co/tasty/reservation.html]
[demos.freehtml5.co/tasty/about.html]
[demos.freehtml5.co/tasty/contact.html]
[demos.freehtml5.co/tasty/images/hero_1.jpg]
[demos.freehtml5.co/tasty/images/gallery_9.jpg]
[demos.freehtml5.co/tasty/images/gallery_8.jpg]
[demos.freehtml5.co/tasty/images/gallery_7.jpg]
[demos.freehtml5.co/tasty/images/gallery_6.jpg]
[demos.freehtml5.co/tasty/images/person_1.jpg]
[demos.freehtml5.co/tasty/images/gallery_5.jpg]
[demos.freehtml5.co/tasty/images/gallery_1.jpg]
[demos.freehtml5.co/tasty/images/gallery_2.jpg]
[demos.freehtml5.co/tasty/images/gallery_3.jpg]
[demos.freehtml5.co/cdn-cgi/scripts/5c5dd728/cloudflare-static/email-decode.min.js]
[demos.freehtml5.co/tasty/js/jquery.min.js]
[demos.freehtml5.co/tasty/js/jquery.easing.1.3.js]
[demos.freehtml5.co/tasty/js/bootstrap.min.js]
[demos.freehtml5.co/tasty/js/jquery.waypoints.min.js]
[demos.freehtml5.co/tasty/js/jquery.stellar.min.js]
[demos.freehtml5.co/tasty/js/jquery.flexslider-min.js]
[demos.freehtml5.co/tasty/js/main.js]
[demos.freehtml5.co/demos/demoscript.js]
[www.google-analytics.com/analytics.js]
[demos.freehtml5.co/tasty/index.html]
[fonts.googleapis.com/css301b.css]
[fonts.googleapis.com/csseb99.css]
[demos.freehtml5.co/tasty/images/gallery_4.jpg]
[demos.freehtml5.co/tasty/menu.html]
[demos.freehtml5.co/tasty/js/zoomerang.js]
[demos.freehtml5.co/tasty/gallery.html]
[demos.freehtml5.co/tasty/css/bootstrap-datetimepicker.min.css]
[demos.freehtml5.co/tasty/js/moment.min.js]
[demos.freehtml5.co/tasty/reservation.html]
[demos.freehtml5.co/tasty/about.html]
[demos.freehtml5.co/tasty/contact.html]
[demos.freehtml5.co/tasty/js/modernizr-2.6.2.min.js]
[demos.freehtml5.co/tasty/css/animate.css]
[demos.freehtml5.co/tasty/js/bootstrap-datetimepicker.js]
[demos.freehtml5.co/tasty/images/gallery_9.jpg]
[demos.freehtml5.co/tasty/images/gallery_8.jpg]
[demos.freehtml5.co/tasty/images/hero_1.jpg]
[demos.freehtml5.co/tasty/css/fonts/icomoon6029.eot]
[demos.freehtml5.co/tasty/images/gallery_2.jpg]
[demos.freehtml5.co/tasty/images/gallery_5.jpg]
[demos.freehtml5.co/tasty/images/gallery_1.jpg]
[demos.freehtml5.co/tasty/images/gallery_3.jpg]
[demos.freehtml5.co/tasty/js/jquery.min.js]
[demos.freehtml5.co/tasty/images/gallery_7.jpg]
[demos.freehtml5.co/tasty/js/jquery.easing.1.3.js]
[demos.freehtml5.co/tasty/js/jquery.stellar.min.js]
[demos.freehtml5.co/demos/demoscript.js]
[demos.freehtml5.co/tasty/js/jquery.flexslider-min.js]
[demos.freehtml5.co/tasty/images/gallery_4.jpg]
[demos.freehtml5.co/tasty/css/fonts/icomoon.286029.delayed]
[demos.freehtml5.co/tasty/js/zoomerang.js]
[demos.freehtml5.co/tasty/js/moment.min.js]
[demos.freehtml5.co/tasty/js/bootstrap-datetimepicker.js]
[demos.freehtml5.co/tasty/css/fonts/icomoon.296029.delayed]
[demos.freehtml5.co/tasty/css/fonts/icomoon6029.svg]
[demos.freehtml5.co/tasty/css/icomoon.css]
[demos.freehtml5.co/tasty/fonts/bootstrap/glyphicons-halflings-regular.eot]
[demos.freehtml5.co/tasty/fonts/bootstrap/glyphicons-halflings-regulard41d.eot]
[demos.freehtml5.co/tasty/fonts/bootstrap/glyphicons-halflings-regulard41d.eot]
[demos.freehtml5.co/tasty/fonts/bootstrap/glyphicons-halflings-regular.woff2]
[demos.freehtml5.co/tasty/fonts/bootstrap/glyphicons-halflings-regular.woff]
[demos.freehtml5.co/tasty/fonts/bootstrap/glyphicons-halflings-regular.woff]
[demos.freehtml5.co/tasty/fonts/bootstrap/glyphicons-halflings-regular.ttf]
[demos.freehtml5.co/tasty/css/bootstrap.css]
[demos.freehtml5.co/tasty/css/flexslider.css]
[demos.freehtml5.co/tasty/fonts/bootstrap/glyphicons-halflings-regular.svg]
[demos.freehtml5.co/tasty/fonts/icomoon/icomoona57c.eot]
[demos.freehtml5.co/tasty/fonts/icomoon/icomoona57c.eot]
[demos.freehtml5.co/tasty/fonts/icomoon/icomoona57c.ttf]
[demos.freehtml5.co/tasty/fonts/icomoon/icomoona57c.woff]
[demos.freehtml5.co/tasty/images/broken_noise.png]
[demos.freehtml5.co/tasty/fonts/icomoon/icomoona57c.svg]
[demos.freehtml5.co/tasty/images/loader.gif]
[demos.freehtml5.co/tasty/css/style.css]
[demos.freehtml5.co/tasty/images/broken_noise.png]
[demos.freehtml5.co/tasty/css/bootstrap-datetimepicker.min.css]
[demos.freehtml5.co/tasty/css/fonts/icomoon6029.html]
[demos.freehtml5.co/tasty/css/fonts/icomoon6029-2.html]
[demos.freehtml5.co/tasty/css/fonts/icomoon6029-3.html]
[demos.freehtml5.co/tasty/css/fonts/icomoon6029-4.html]
[demos.freehtml5.co/tasty/fonts/bootstrap/glyphicons-halflings-regular.svg]
[demos.freehtml5.co/tasty/fonts/icomoon/icomoona57c.svg]
[demos.freehtml5.co/tasty/menu.html]
